current directory: /home/mutsumi/projects/portfolio/exercise_log_app/vendor/bundle/ruby/3.4.0/gems/prism-1.5.1/ext/prism
/home/mutsumi/.rbenv/versions/3.4.5/bin/ruby extconf.rb
checking for prism.h in /home/mutsumi/projects/portfolio/exercise_log_app/vendor/bundle/ruby/3.4.0/gems/prism-1.5.1/include... yes
checking for prism/extension.h in /home/mutsumi/projects/portfolio/exercise_log_app/vendor/bundle/ruby/3.4.0/gems/prism-1.5.1/ext... yes
checking for whether -fvisibility=hidden is accepted as CFLAGS... yes
creating Makefile

current directory: /home/mutsumi/projects/portfolio/exercise_log_app/vendor/bundle/ruby/3.4.0/gems/prism-1.5.1/ext/prism
make DESTDIR\= sitearchdir\=./.gem.20250917-3347989-krmz1v sitelibdir\=./.gem.20250917-3347989-krmz1v clean

current directory: /home/mutsumi/projects/portfolio/exercise_log_app/vendor/bundle/ruby/3.4.0/gems/prism-1.5.1/ext/prism
make DESTDIR\= sitearchdir\=./.gem.20250917-3347989-krmz1v sitelibdir\=./.gem.20250917-3347989-krmz1v
compiling api_node.c
compiling api_pack.c
compiling extension.c
compiling ./../../src/diagnostic.c
compiling ./../../src/encoding.c
compiling ./../../src/node.c
compiling ./../../src/options.c
compiling ./../../src/pack.c
compiling ./../../src/prettyprint.c
compiling ./../../src/prism.c
compiling ./../../src/regexp.c
compiling ./../../src/serialize.c
compiling ./../../src/static_literals.c
compiling ./../../src/token_type.c
compiling ./../../src/util/pm_buffer.c
compiling ./../../src/util/pm_char.c
compiling ./../../src/util/pm_constant_pool.c
compiling ./../../src/util/pm_integer.c
compiling ./../../src/util/pm_list.c
compiling ./../../src/util/pm_memchr.c
compiling ./../../src/util/pm_newline_list.c
compiling ./../../src/util/pm_string.c
compiling ./../../src/util/pm_strncasecmp.c
compiling ./../../src/util/pm_strpbrk.c
linking shared-object prism/prism.so

current directory: /home/mutsumi/projects/portfolio/exercise_log_app/vendor/bundle/ruby/3.4.0/gems/prism-1.5.1/ext/prism
make DESTDIR\= sitearchdir\=./.gem.20250917-3347989-krmz1v sitelibdir\=./.gem.20250917-3347989-krmz1v install
/usr/bin/install -c -m 0755 prism.so ./.gem.20250917-3347989-krmz1v/prism

current directory: /home/mutsumi/projects/portfolio/exercise_log_app/vendor/bundle/ruby/3.4.0/gems/prism-1.5.1/ext/prism
make DESTDIR\= sitearchdir\=./.gem.20250917-3347989-krmz1v sitelibdir\=./.gem.20250917-3347989-krmz1v clean
