current directory: /home/mutsumi/projects/portfolio/exercise_log_app/vendor/bundle/ruby/3.4.0/gems/rbs-3.9.5/ext/rbs_extension
/home/mutsumi/.rbenv/versions/3.4.5/bin/ruby extconf.rb
checking for whether -std=gnu99 is accepted as CFLAGS... yes
creating Makefile

current directory: /home/mutsumi/projects/portfolio/exercise_log_app/vendor/bundle/ruby/3.4.0/gems/rbs-3.9.5/ext/rbs_extension
make DESTDIR\= sitearchdir\=./.gem.20250910-1598796-vn8qeb sitelibdir\=./.gem.20250910-1598796-vn8qeb clean

current directory: /home/mutsumi/projects/portfolio/exercise_log_app/vendor/bundle/ruby/3.4.0/gems/rbs-3.9.5/ext/rbs_extension
make DESTDIR\= sitearchdir\=./.gem.20250910-1598796-vn8qeb sitelibdir\=./.gem.20250910-1598796-vn8qeb
compiling ./../../src/constants.c
compiling ./../../src/ruby_objs.c
compiling ./../../src/util/rbs_constant_pool.c
compiling lexer.c
compiling lexstate.c
compiling location.c
compiling main.c
compiling parser.c
compiling parserstate.c
compiling unescape.c
linking shared-object rbs_extension.so

current directory: /home/mutsumi/projects/portfolio/exercise_log_app/vendor/bundle/ruby/3.4.0/gems/rbs-3.9.5/ext/rbs_extension
make DESTDIR\= sitearchdir\=./.gem.20250910-1598796-vn8qeb sitelibdir\=./.gem.20250910-1598796-vn8qeb install
/usr/bin/install -c -m 0755 rbs_extension.so ./.gem.20250910-1598796-vn8qeb

current directory: /home/mutsumi/projects/portfolio/exercise_log_app/vendor/bundle/ruby/3.4.0/gems/rbs-3.9.5/ext/rbs_extension
make DESTDIR\= sitearchdir\=./.gem.20250910-1598796-vn8qeb sitelibdir\=./.gem.20250910-1598796-vn8qeb clean
